# Ensure build layout
# Check configuration tokens
# Preparing build
# Check requirements for android
# Search for Git (git)
#  -> found at /data/data/com.termux/files/usr/bin/git
# Search for Cython (cython)
#  -> found at /data/data/com.termux/files/usr/bin/cython
# Search for Java compiler (javac)
#  -> found at /data/data/com.termux/files/usr/lib/jvm/java-21-openjdk/bin/javac
# Search for Java keytool (keytool)
#  -> found at /data/data/com.termux/files/usr/lib/jvm/java-21-openjdk/bin/keytool
# Install platform
# Run 'git config --get remote.origin.url' ...
# Cwd /data/data/com.termux/files/home/POS-Ledger-NG-ANDROID/.buildozer/android/platform/python-for-android
https://github.com/kivy/python-for-android.git
# Run 'git branch -vv' ...
# Cwd /data/data/com.termux/files/home/POS-Ledger-NG-ANDROID/.buildozer/android/platform/python-for-android
* master 2b18f8c Local python-for-android source
# Run '/data/data/com.termux/files/usr/bin/python -m pip install -q --user appdirs colorama>=0.3.3 jinja2 sh>=2, <3.0; sys_platform!="win32" meson ninja build toml packaging setuptools wheel~=0.43.0' ...
# Cwd None
# Apache ANT found at /data/data/com.termux/files/home/.buildozer/android/platform/apache-ant-1.9.4
# Android SDK found at /data/data/com.termux/files/home/Android/Sdk
# Android NDK found at /data/data/com.termux/files/home/Android/Sdk/ndk/25.2.9519653
# Recommended android's NDK version by p4a is: 28c
# Run '/data/data/com.termux/files/usr/bin/python -m pythonforandroid.toolchain aab -h --color=always --storage-dir=/data/data/com.termux/files/home/POS-Ledger-NG-ANDROID/.buildozer/android/platform/build-arm64-v8a --ndk-api=24 --ignore-setup-py --debug' ...
# Cwd /data/data/com.termux/files/home/POS-Ledger-NG-ANDROID/.buildozer/android/platform/python-for-android
# Check application requirements
# Compile platform
# Run '/data/data/com.termux/files/usr/bin/python -m pythonforandroid.toolchain create --dist_name=posledgerng --bootstrap=sdl2 --requirements=python3,kivy,openpyxl --arch=arm64-v8a --copy-libs --color=always --storage-dir=/data/data/com.termux/files/home/POS-Ledger-NG-ANDROID/.buildozer/android/platform/build-arm64-v8a --ndk-api=24 --ignore-setup-py --debug' ...
# Cwd /data/data/com.termux/files/home/POS-Ledger-NG-ANDROID/.buildozer/android/platform/python-for-android
[WARNING]: prerequisites.py is experimental and does not support all prerequisites yet.
[WARNING]: Please report any issues to the python-for-android issue tracker.
[WARNING]: prerequisites.py is experimental and does not support all prerequisites yet.
[WARNING]: Please report any issues to the python-for-android issue tracker.
[1m[INFO][0m:    Will compile for the following archs: arm64-v8a
[1m[INFO][0m:    Found Android API target in $ANDROIDAPI: 34
[1m[INFO][0m:    Available Android APIs are (34)
[1m[INFO][0m:    Requested API target 34 is available, continuing.
[1m[INFO][0m:    Found NDK dir in $ANDROIDNDK: /data/data/com.termux/files/home/Android/Sdk/ndk/25.2.9519653
[1m[INFO][0m:    Found NDK version 25c
[1m[INFO][0m:    Getting NDK API version (i.e. minimum supported API) from user argument
[1m[INFO][0m:    ccache is missing, the build will not be optimized in the future.
[1m[90m[DEBUG][39m[0m:   All possible dists: []
[1m[90m[DEBUG][39m[0m:   Dist matching name and arch: []
[1m[90m[DEBUG][39m[0m:   Dist matching ndk_api and recipe: []
[1m[INFO][0m:    No existing dists meet the given requirements!
[1m[90m[DEBUG][39m[0m:   Remove directory and subdirectory /data/data/com.termux/files/home/POS-Ledger-NG-ANDROID/.buildozer/android/platform/build-arm64-v8a/dists/posledgerng
[1m[INFO][0m:    [1m[94mNo dist exists that meets your requirements, so one will be built.[0m
[1m[INFO][0m:    Found a single valid recipe set: ['hostpython3', 'libffi', 'openpyxl', 'openssl', 'sdl2_image', 'sdl2_mixer', 'sdl2_ttf', 'six', 'sqlite3', 'python3', 'sdl2', 'pyjnius', 'setuptools', 'android', 'kivy']
[1m[INFO][0m:    The selected bootstrap is sdl2
[1m[INFO][0m:    [1m[32m# Creating dist with sdl2 bootstrap[0m[39m
[1m[INFO][0m:    [1m[94mDist will have name posledgerng and requirements (python3, kivy, openpyxl)[0m
[1m[INFO][0m:    Dist contains the following requirements as recipes: ['hostpython3', 'libffi', 'openssl', 'sdl2_image', 'sdl2_mixer', 'sdl2_ttf', 'sqlite3', 'python3', 'sdl2', 'pyjnius', 'setuptools', 'android', 'kivy']
[1m[INFO][0m:    Dist will also contain modules (requests, idna, six, openpyxl, urllib3, filetype, certifi, chardet) installed from pip
[1m[INFO][0m:    Dist will be build in mode debug
[1m[INFO][0m:    [36m-> directory context /data/data/com.termux/files/home/POS-Ledger-NG-ANDROID/.buildozer/android/platform/build-arm64-v8a/build/bootstrap_builds/sdl2[39m
[1m[INFO][0m:    [36m<- directory context /data/data/com.termux/files/home/POS-Ledger-NG-ANDROID/.buildozer/android/platform/python-for-android[39m
[1m[90m[DEBUG][39m[0m:   Create directory /data/data/com.termux/files/home/POS-Ledger-NG-ANDROID/.buildozer/android/platform/build-arm64-v8a/dists/posledgerng
[1m[INFO][0m:    [1m[94mRecipe build order is ['hostpython3', 'libffi', 'openssl', 'sdl2_image', 'sdl2_mixer', 'sdl2_ttf', 'sqlite3', 'python3', 'sdl2', 'pyjnius', 'setuptools', 'android', 'kivy'][0m
[1m[INFO][0m:    [1m[94mThe requirements (certifi, chardet, filetype, idna, openpyxl, requests, six, urllib3) were not found as recipes, they will be installed with pip.[0m
[1m[INFO][0m:    [1m[32m# Downloading recipes [0m[39m
[1m[INFO][0m:    [1m[32mDownloading hostpython3[0m[39m
[1m[INFO][0m:    [36m-> directory context /data/data/com.termux/files/home/POS-Ledger-NG-ANDROID/.buildozer/android/platform/build-arm64-v8a/packages/hostpython3[39m
[1m[90m[DEBUG][39m[0m:   [90m->[0m running basename https://github.com/python/cpython/archive/refs/tags/v3.14.2.tar.gz[0m
[1m[90m[DEBUG][39m[0m:   	v3.14.2.tar.gz
[1m[INFO][0m:    hostpython3 download already cached, skipping
[1m[INFO][0m:    [36m<- directory context /data/data/com.termux/files/home/POS-Ledger-NG-ANDROID/.buildozer/android/platform/python-for-android[39m
[1m[INFO][0m:    [1m[32mDownloading libffi[0m[39m
[1m[INFO][0m:    [36m-> directory context /data/data/com.termux/files/home/POS-Ledger-NG-ANDROID/.buildozer/android/platform/build-arm64-v8a/packages/libffi[39m
[1m[90m[DEBUG][39m[0m:   [90m->[0m running basename https://github.com/libffi/libffi/archive/v3.4.2.tar.gz[0m
[1m[90m[DEBUG][39m[0m:   	v3.4.2.tar.gz
[1m[INFO][0m:    libffi download already cached, skipping
[1m[INFO][0m:    [36m<- directory context /data/data/com.termux/files/home/POS-Ledger-NG-ANDROID/.buildozer/android/platform/python-for-android[39m
[1m[INFO][0m:    [1m[32mDownloading openssl[0m[39m
[1m[INFO][0m:    [36m-> directory context /data/data/com.termux/files/home/POS-Ledger-NG-ANDROID/.buildozer/android/platform/build-arm64-v8a/packages/openssl[39m
[1m[90m[DEBUG][39m[0m:   [90m->[0m running basename https://www.openssl.org/source/openssl-3.3.1.tar.gz[0m
[1m[90m[DEBUG][39m[0m:   	openssl-3.3.1.tar.gz
[1m[INFO][0m:    openssl download already cached, skipping
[1m[INFO][0m:    [36m<- directory context /data/data/com.termux/files/home/POS-Ledger-NG-ANDROID/.buildozer/android/platform/python-for-android[39m
[1m[INFO][0m:    [1m[32mDownloading sdl2_image[0m[39m
[1m[INFO][0m:    [36m-> directory context /data/data/com.termux/files/home/POS-Ledger-NG-ANDROID/.buildozer/android/platform/build-arm64-v8a/packages/sdl2_image[39m
[1m[90m[DEBUG][39m[0m:   [90m->[0m running basename https://github.com/libsdl-org/SDL_image/releases/download/release-2.8.2/SDL2_image-2.8.2.tar.gz[0m
[1m[90m[DEBUG][39m[0m:   	SDL2_image-2.8.2.tar.gz
[1m[INFO][0m:    sdl2_image download already cached, skipping
[1m[INFO][0m:    [36m<- directory context /data/data/com.termux/files/home/POS-Ledger-NG-ANDROID/.buildozer/android/platform/python-for-android[39m
[1m[INFO][0m:    [1m[32mDownloading sdl2_mixer[0m[39m
[1m[INFO][0m:    [36m-> directory context /data/data/com.termux/files/home/POS-Ledger-NG-ANDROID/.buildozer/android/platform/build-arm64-v8a/packages/sdl2_mixer[39m
[1m[90m[DEBUG][39m[0m:   [90m->[0m running basename https://github.com/libsdl-org/SDL_mixer/releases/download/release-2.6.3/SDL2_mixer-2.6.3.tar.gz[0m
[1m[90m[DEBUG][39m[0m:   	SDL2_mixer-2.6.3.tar.gz
[1m[INFO][0m:    sdl2_mixer download already cached, skipping
[1m[INFO][0m:    [36m<- directory context /data/data/com.termux/files/home/POS-Ledger-NG-ANDROID/.buildozer/android/platform/python-for-android[39m
[1m[INFO][0m:    [1m[32mDownloading sdl2_ttf[0m[39m
[1m[INFO][0m:    [36m-> directory context /data/data/com.termux/files/home/POS-Ledger-NG-ANDROID/.buildozer/android/platform/build-arm64-v8a/packages/sdl2_ttf[39m
[1m[90m[DEBUG][39m[0m:   [90m->[0m running basename https://github.com/libsdl-org/SDL_ttf/releases/download/release-2.22.0/SDL2_ttf-2.22.0.tar.gz[0m
[1m[90m[DEBUG][39m[0m:   	SDL2_ttf-2.22.0.tar.gz
[1m[INFO][0m:    sdl2_ttf download already cached, skipping
[1m[INFO][0m:    [36m<- directory context /data/data/com.termux/files/home/POS-Ledger-NG-ANDROID/.buildozer/android/platform/python-for-android[39m
[1m[INFO][0m:    [1m[32mDownloading sqlite3[0m[39m
[1m[INFO][0m:    [36m-> directory context /data/data/com.termux/files/home/POS-Ledger-NG-ANDROID/.buildozer/android/platform/build-arm64-v8a/packages/sqlite3[39m
[1m[90m[DEBUG][39m[0m:   [90m->[0m running basename https://github.com/sqlite/sqlite/archive/refs/tags/version-3.50.4.tar.gz[0m
[1m[90m[DEBUG][39m[0m:   	version-3.50.4.tar.gz
[1m[INFO][0m:    sqlite3 download already cached, skipping
[1m[INFO][0m:    [36m<- directory context /data/data/com.termux/files/home/POS-Ledger-NG-ANDROID/.buildozer/android/platform/python-for-android[39m
[1m[INFO][0m:    [1m[32mDownloading python3[0m[39m
[1m[INFO][0m:    [36m-> directory context /data/data/com.termux/files/home/POS-Ledger-NG-ANDROID/.buildozer/android/platform/build-arm64-v8a/packages/python3[39m
[1m[90m[DEBUG][39m[0m:   [90m->[0m running basename https://github.com/python/cpython/archive/refs/tags/v3.14.2.tar.gz[0m
[1m[90m[DEBUG][39m[0m:   	v3.14.2.tar.gz
[1m[INFO][0m:    python3 download already cached, skipping
[1m[INFO][0m:    [36m<- directory context /data/data/com.termux/files/home/POS-Ledger-NG-ANDROID/.buildozer/android/platform/python-for-android[39m
[1m[INFO][0m:    [1m[32mDownloading sdl2[0m[39m
[1m[INFO][0m:    [36m-> directory context /data/data/com.termux/files/home/POS-Ledger-NG-ANDROID/.buildozer/android/platform/build-arm64-v8a/packages/sdl2[39m
[1m[90m[DEBUG][39m[0m:   [90m->[0m running basename https://github.com/libsdl-org/SDL/releases/download/release-2.30.11/SDL2-2.30.11.tar.gz[0m
[1m[90m[DEBUG][39m[0m:   	SDL2-2.30.11.tar.gz
[1m[INFO][0m:    sdl2 download already cached, skipping
[1m[INFO][0m:    [36m<- directory context /data/data/com.termux/files/home/POS-Ledger-NG-ANDROID/.buildozer/android/platform/python-for-android[39m
[1m[INFO][0m:    [1m[32mDownloading pyjnius[0m[39m
[1m[INFO][0m:    [36m-> directory context /data/data/com.termux/files/home/POS-Ledger-NG-ANDROID/.buildozer/android/platform/build-arm64-v8a/packages/pyjnius[39m
[1m[90m[DEBUG][39m[0m:   [90m->[0m running basename https://github.com/kivy/pyjnius/archive/1.7.0.zip[0m
[1m[90m[DEBUG][39m[0m:   	1.7.0.zip
[1m[INFO][0m:    pyjnius download already cached, skipping
[1m[INFO][0m:    [36m<- directory context /data/data/com.termux/files/home/POS-Ledger-NG-ANDROID/.buildozer/android/platform/python-for-android[39m
[1m[INFO][0m:    [1m[32mDownloading setuptools[0m[39m
[1m[INFO][0m:    Skipping setuptools download as no URL is set
[1m[INFO][0m:    [1m[32mDownloading android[0m[39m
[1m[INFO][0m:    Skipping android download as no URL is set
[1m[INFO][0m:    [1m[32mDownloading kivy[0m[39m
[1m[INFO][0m:    [36m-> directory context /data/data/com.termux/files/home/POS-Ledger-NG-ANDROID/.buildozer/android/platform/build-arm64-v8a/packages/kivy[39m
[1m[90m[DEBUG][39m[0m:   [90m->[0m running basename https://github.com/kivy/kivy/archive/2.3.1.zip[0m
[1m[90m[DEBUG][39m[0m:   	2.3.1.zip
[1m[INFO][0m:    kivy download already cached, skipping
[1m[INFO][0m:    [36m<- directory context /data/data/com.termux/files/home/POS-Ledger-NG-ANDROID/.buildozer/android/platform/python-for-android[39m
[1m[INFO][0m:    [1m[32m# Building all recipes for arch arm64-v8a[0m[39m
[1m[INFO][0m:    [1m[32m# Unpacking recipes[0m[39m
[1m[INFO][0m:    [1m[32mUnpacking hostpython3 for arm64-v8a[0m[39m
[1m[90m[DEBUG][39m[0m:   [90m->[0m running basename https://github.com/python/cpython/archive/refs/tags/v3.14.2.tar.gz[0m
[1m[90m[DEBUG][39m[0m:   	v3.14.2.tar.gz
[1m[INFO][0m:    [36m-> directory context /data/data/com.termux/files/home/POS-Ledger-NG-ANDROID/.buildozer/android/platform/build-arm64-v8a/build/other_builds/hostpython3/desktop[39m
[1m[INFO][0m:    hostpython3 is already unpacked, skipping
[1m[INFO][0m:    [36m<- directory context /data/data/com.termux/files/home/POS-Ledger-NG-ANDROID/.buildozer/android/platform/python-for-android[39m
[1m[INFO][0m:    [1m[32mUnpacking libffi for arm64-v8a[0m[39m
[1m[90m[DEBUG][39m[0m:   [90m->[0m running basename https://github.com/libffi/libffi/archive/v3.4.2.tar.gz[0m
[1m[90m[DEBUG][39m[0m:   	v3.4.2.tar.gz
[1m[INFO][0m:    [36m-> directory context /data/data/com.termux/files/home/POS-Ledger-NG-ANDROID/.buildozer/android/platform/build-arm64-v8a/build/other_builds/libffi/arm64-v8a__ndk_target_24[39m
[1m[INFO][0m:    libffi is already unpacked, skipping
[1m[INFO][0m:    [36m<- directory context /data/data/com.termux/files/home/POS-Ledger-NG-ANDROID/.buildozer/android/platform/python-for-android[39m
[1m[INFO][0m:    [1m[32mUnpacking openssl for arm64-v8a[0m[39m
[1m[90m[DEBUG][39m[0m:   [90m->[0m running basename https://www.openssl.org/source/openssl-3.3.1.tar.gz[0m
[1m[90m[DEBUG][39m[0m:   	openssl-3.3.1.tar.gz
[1m[INFO][0m:    [36m-> directory context /data/data/com.termux/files/home/POS-Ledger-NG-ANDROID/.buildozer/android/platform/build-arm64-v8a/build/other_builds/openssl/arm64-v8a__ndk_target_24[39m
[1m[INFO][0m:    openssl is already unpacked, skipping
[1m[INFO][0m:    [36m<- directory context /data/data/com.termux/files/home/POS-Ledger-NG-ANDROID/.buildozer/android/platform/python-for-android[39m
[1m[INFO][0m:    [1m[32mUnpacking sdl2_image for arm64-v8a[0m[39m
[1m[90m[DEBUG][39m[0m:   [90m->[0m running basename https://github.com/libsdl-org/SDL_image/releases/download/release-2.8.2/SDL2_image-2.8.2.tar.gz[0m
[1m[90m[DEBUG][39m[0m:   	SDL2_image-2.8.2.tar.gz
[1m[INFO][0m:    [36m-> directory context /data/data/com.termux/files/home/POS-Ledger-NG-ANDROID/.buildozer/android/platform/build-arm64-v8a/build/bootstrap_builds/sdl2/jni[39m
[1m[INFO][0m:    sdl2_image is already unpacked, skipping
[1m[INFO][0m:    [36m<- directory context /data/data/com.termux/files/home/POS-Ledger-NG-ANDROID/.buildozer/android/platform/python-for-android[39m
[1m[INFO][0m:    [1m[32mUnpacking sdl2_mixer for arm64-v8a[0m[39m
[1m[90m[DEBUG][39m[0m:   [90m->[0m running basename https://github.com/libsdl-org/SDL_mixer/releases/download/release-2.6.3/SDL2_mixer-2.6.3.tar.gz[0m
[1m[90m[DEBUG][39m[0m:   	SDL2_mixer-2.6.3.tar.gz
[1m[INFO][0m:    [36m-> directory context /data/data/com.termux/files/home/POS-Ledger-NG-ANDROID/.buildozer/android/platform/build-arm64-v8a/build/bootstrap_builds/sdl2/jni[39m
[1m[INFO][0m:    sdl2_mixer is already unpacked, skipping
[1m[INFO][0m:    [36m<- directory context /data/data/com.termux/files/home/POS-Ledger-NG-ANDROID/.buildozer/android/platform/python-for-android[39m
[1m[INFO][0m:    [1m[32mUnpacking sdl2_ttf for arm64-v8a[0m[39m
[1m[90m[DEBUG][39m[0m:   [90m->[0m running basename https://github.com/libsdl-org/SDL_ttf/releases/download/release-2.22.0/SDL2_ttf-2.22.0.tar.gz[0m
[1m[90m[DEBUG][39m[0m:   	SDL2_ttf-2.22.0.tar.gz
[1m[INFO][0m:    [36m-> directory context /data/data/com.termux/files/home/POS-Ledger-NG-ANDROID/.buildozer/android/platform/build-arm64-v8a/build/bootstrap_builds/sdl2/jni[39m
[1m[INFO][0m:    sdl2_ttf is already unpacked, skipping
[1m[INFO][0m:    [36m<- directory context /data/data/com.termux/files/home/POS-Ledger-NG-ANDROID/.buildozer/android/platform/python-for-android[39m
[1m[INFO][0m:    [1m[32mUnpacking sqlite3 for arm64-v8a[0m[39m
[1m[90m[DEBUG][39m[0m:   [90m->[0m running basename https://github.com/sqlite/sqlite/archive/refs/tags/version-3.50.4.tar.gz[0m
[1m[90m[DEBUG][39m[0m:   	version-3.50.4.tar.gz
[1m[INFO][0m:    [36m-> directory context /data/data/com.termux/files/home/POS-Ledger-NG-ANDROID/.buildozer/android/platform/build-arm64-v8a/build/other_builds/sqlite3/arm64-v8a__ndk_target_24[39m
[1m[INFO][0m:    sqlite3 is already unpacked, skipping
[1m[INFO][0m:    [36m<- directory context /data/data/com.termux/files/home/POS-Ledger-NG-ANDROID/.buildozer/android/platform/python-for-android[39m
[1m[INFO][0m:    [1m[32mUnpacking python3 for arm64-v8a[0m[39m
[1m[90m[DEBUG][39m[0m:   [90m->[0m running basename https://github.com/python/cpython/archive/refs/tags/v3.14.2.tar.gz[0m
[1m[90m[DEBUG][39m[0m:   	v3.14.2.tar.gz
[1m[INFO][0m:    [36m-> directory context /data/data/com.termux/files/home/POS-Ledger-NG-ANDROID/.buildozer/android/platform/build-arm64-v8a/build/other_builds/python3/arm64-v8a__ndk_target_24[39m
[1m[INFO][0m:    python3 is already unpacked, skipping
[1m[INFO][0m:    [36m<- directory context /data/data/com.termux/files/home/POS-Ledger-NG-ANDROID/.buildozer/android/platform/python-for-android[39m
[1m[INFO][0m:    [1m[32mUnpacking sdl2 for arm64-v8a[0m[39m
[1m[90m[DEBUG][39m[0m:   [90m->[0m running basename https://github.com/libsdl-org/SDL/releases/download/release-2.30.11/SDL2-2.30.11.tar.gz[0m
[1m[90m[DEBUG][39m[0m:   	SDL2-2.30.11.tar.gz
[1m[INFO][0m:    [36m-> directory context /data/data/com.termux/files/home/POS-Ledger-NG-ANDROID/.buildozer/android/platform/build-arm64-v8a/build/bootstrap_builds/sdl2/jni[39m
[1m[INFO][0m:    sdl2 is already unpacked, skipping
[1m[INFO][0m:    [36m<- directory context /data/data/com.termux/files/home/POS-Ledger-NG-ANDROID/.buildozer/android/platform/python-for-android[39m
[1m[INFO][0m:    [1m[32mUnpacking pyjnius for arm64-v8a[0m[39m
[1m[90m[DEBUG][39m[0m:   [90m->[0m running basename https://github.com/kivy/pyjnius/archive/1.7.0.zip[0m
[1m[90m[DEBUG][39m[0m:   	1.7.0.zip
[1m[INFO][0m:    [36m-> directory context /data/data/com.termux/files/home/POS-Ledger-NG-ANDROID/.buildozer/android/platform/build-arm64-v8a/build/other_builds/pyjnius-sdl2/arm64-v8a__ndk_target_24[39m
[1m[INFO][0m:    pyjnius is already unpacked, skipping
[1m[INFO][0m:    [36m<- directory context /data/data/com.termux/files/home/POS-Ledger-NG-ANDROID/.buildozer/android/platform/python-for-android[39m
[1m[INFO][0m:    [1m[32mUnpacking setuptools for arm64-v8a[0m[39m
[1m[INFO][0m:    Skipping setuptools unpack as no URL is set
[1m[90m[DEBUG][39m[0m:   Remove directory and subdirectory /data/data/com.termux/files/home/POS-Ledger-NG-ANDROID/.buildozer/android/platform/build-arm64-v8a/build/other_builds/android-sdl2/arm64-v8a__ndk_target_24/android
[1m[90m[DEBUG][39m[0m:   [90m->[0m running cp -a /data/data/com.termux/files/home/POS-Ledger-NG-ANDROID/.buildozer/android/platform/python-for-android/pythonforandroid/recipes/android/src /data/data/com.termux/files/home/POS-Ledger-NG-ANDROID/.buildozer/android/platform/build-arm64-v8a/build/other_builds/android-sdl2/arm64-v8a__ndk_target_24/android[0m
[1m[INFO][0m:    [1m[32mUnpacking kivy for arm64-v8a[0m[39m
[1m[90m[DEBUG][39m[0m:   [90m->[0m running basename https://github.com/kivy/kivy/archive/2.3.1.zip[0m
[1m[90m[DEBUG][39m[0m:   	2.3.1.zip
[1m[INFO][0m:    [36m-> directory context /data/data/com.termux/files/home/POS-Ledger-NG-ANDROID/.buildozer/android/platform/build-arm64-v8a/build/other_builds/kivy-sdl2/arm64-v8a__ndk_target_24[39m
[1m[INFO][0m:    kivy is already unpacked, skipping
[1m[INFO][0m:    [36m<- directory context /data/data/com.termux/files/home/POS-Ledger-NG-ANDROID/.buildozer/android/platform/python-for-android[39m
[1m[INFO][0m:    [1m[32m# Prebuilding recipes[0m[39m
[1m[INFO][0m:    python3 has no prebuild_arm64_v8a, skipping
[1m[INFO][0m:    [1m[32mPrebuilding hostpython3 for arm64-v8a[0m[39m
[1m[INFO][0m:    hostpython3 has no prebuild_arm64_v8a, skipping
[1m[INFO][0m:    [1m[32mApplying patches for hostpython3[arm64-v8a][0m[39m
[1m[INFO][0m:    [1m[32mhostpython3 already patched, skipping[0m[39m
[1m[INFO][0m:    [1m[32mPrebuilding libffi for arm64-v8a[0m[39m
[1m[INFO][0m:    libffi has no prebuild_arm64_v8a, skipping
[1m[INFO][0m:    [1m[32mApplying patches for libffi[arm64-v8a][0m[39m
[1m[INFO][0m:    [1m[32mlibffi already patched, skipping[0m[39m
[1m[INFO][0m:    [1m[32mPrebuilding openssl for arm64-v8a[0m[39m
[1m[INFO][0m:    openssl has no prebuild_arm64_v8a, skipping
[1m[INFO][0m:    [1m[32mPrebuilding sdl2_image for arm64-v8a[0m[39m
[1m[INFO][0m:    sdl2_image has no prebuild_arm64_v8a, skipping
[1m[INFO][0m:    [1m[32mApplying patches for sdl2_image[arm64-v8a][0m[39m
[1m[INFO][0m:    [1m[32msdl2_image already patched, skipping[0m[39m
[1m[INFO][0m:    [1m[32mPrebuilding sdl2_mixer for arm64-v8a[0m[39m
[1m[INFO][0m:    sdl2_mixer has no prebuild_arm64_v8a, skipping
[1m[INFO][0m:    [1m[32mPrebuilding sdl2_ttf for arm64-v8a[0m[39m
[1m[INFO][0m:    sdl2_ttf has no prebuild_arm64_v8a, skipping
[1m[INFO][0m:    [1m[32mPrebuilding sqlite3 for arm64-v8a[0m[39m
[1m[INFO][0m:    sqlite3 has no prebuild_arm64_v8a, skipping
[1m[INFO][0m:    [1m[32mPrebuilding python3 for arm64-v8a[0m[39m
[1m[INFO][0m:    python3 has no prebuild_arm64_v8a, skipping
[1m[INFO][0m:    [1m[32mApplying patches for python3[arm64-v8a][0m[39m
[1m[INFO][0m:    [1m[32mpython3 already patched, skipping[0m[39m
[1m[INFO][0m:    [1m[32mPrebuilding sdl2 for arm64-v8a[0m[39m
[1m[INFO][0m:    sdl2 has no prebuild_arm64_v8a, skipping
[1m[INFO][0m:    [1m[32mPrebuilding pyjnius for arm64-v8a[0m[39m
[1m[INFO][0m:    pyjnius has no prebuild_arm64_v8a, skipping
[1m[INFO][0m:    [1m[32mApplying patches for pyjnius[arm64-v8a][0m[39m
[1m[INFO][0m:    [1m[32mpyjnius already patched, skipping[0m[39m
[1m[INFO][0m:    [1m[32mPrebuilding setuptools for arm64-v8a[0m[39m
[1m[INFO][0m:    setuptools has no prebuild_arm64_v8a, skipping
[1m[INFO][0m:    [1m[32mPrebuilding android for arm64-v8a[0m[39m
[1m[INFO][0m:    android has no prebuild_arm64_v8a, skipping
[1m[INFO][0m:    [36m-> directory context /data/data/com.termux/files/home/POS-Ledger-NG-ANDROID/.buildozer/android/platform/build-arm64-v8a/build/other_builds/android-sdl2/arm64-v8a__ndk_target_24/android[39m
[1m[INFO][0m:    [36m<- directory context /data/data/com.termux/files/home/POS-Ledger-NG-ANDROID/.buildozer/android/platform/python-for-android[39m
[1m[INFO][0m:    [1m[32mPrebuilding kivy for arm64-v8a[0m[39m
[1m[INFO][0m:    kivy has no prebuild_arm64_v8a, skipping
[1m[INFO][0m:    [1m[32mApplying patches for kivy[arm64-v8a][0m[39m
[1m[INFO][0m:    [1m[32mkivy already patched, skipping[0m[39m
[1m[INFO][0m:    [1m[32m# Building recipes[0m[39m
[1m[INFO][0m:    [1m[32mBuilding hostpython3 for arm64-v8a[0m[39m
[1m[INFO][0m:    hostpython3 said it is already built, skipping
[1m[INFO][0m:    [1m[32mBuilding libffi for arm64-v8a[0m[39m
[1m[31m[ERROR][39m[0m:   Build failed: Couldn't find executable for CC. This indicates a problem locating the /data/data/com.termux/files/home/Android/Sdk/ndk/25.2.9519653/toolchains/llvm/prebuilt/android-x86_64/bin/clang executable in the Android NDK, not that you don't have a normal compiler installed. Exiting.
Searching path are: '/data/data/com.termux/files/home/Android/Sdk/ndk/25.2.9519653/toolchains/llvm/prebuilt/android-x86_64/bin:/data/data/com.termux/files/home/Android/Sdk/ndk/25.2.9519653:/data/data/com.termux/files/home/Android/Sdk/tools:/data/data/com.termux/files/home/.buildozer/android/platform/apache-ant-1.9.4/bin:/data/data/com.termux/files/usr/bin:/product/bin:/apex/com.android.runtime/bin:/apex/com.android.art/bin:/system_ext/bin:/system/bin:/system/xbin:/odm/bin:/vendor/bin:/vendor/xbin'
# Command failed: ('/data/data/com.termux/files/usr/bin/python', '-m', 'pythonforandroid.toolchain', 'create', '--dist_name=posledgerng', '--bootstrap=sdl2', '--requirements=python3,kivy,openpyxl', '--arch=arm64-v8a', '--copy-libs', '--color=always', '--storage-dir=/data/data/com.termux/files/home/POS-Ledger-NG-ANDROID/.buildozer/android/platform/build-arm64-v8a', '--ndk-api=24', '--ignore-setup-py', '--debug')
# Error code: 1
# ENVIRONMENT:
#     SHELL = '/data/data/com.termux/files/usr/bin/bash'
#     COLORTERM = 'truecolor'
#     HISTCONTROL = 'ignoreboth'
#     PREFIX = '/data/data/com.termux/files/usr'
#     JAVA_HOME = '/data/data/com.termux/files/usr/lib/jvm/java-21-openjdk/'
#     PWD = '/data/data/com.termux/files/home/POS-Ledger-NG-ANDROID'
#     ANDROIDNDK = '/data/data/com.termux/files/home/Android/Sdk/ndk/25.2.9519653'
#     TERMUX_VERSION = 'googleplay.2026.06.21'
#     SYSTEMSERVERCLASSPATH = '/system/framework/com.android.location.provider.jar:/system/framework/knoxanalyticssdk.jar:/system/framework/services.jar:/system/framework/ssrm.jar:/system/framework/semwifi-service.jar:/apex/com.android.adservices/javalib/service-adservices.jar:/apex/com.android.adservices/javalib/service-sdksandbox.jar:/apex/com.android.appsearch/javalib/service-appsearch.jar:/apex/com.android.art/javalib/service-art.jar:/apex/com.android.media/javalib/service-media-s.jar:/apex/com.android.permission/javalib/service-permission.jar:/apex/com.samsung.android.ipm/javalib/service-samsung-ipm.jar:/apex/com.samsung.android.shell/javalib/service-samsung-privilege.jar'
#     EXTERNAL_STORAGE = '/sdcard'
#     LD_PRELOAD = '/data/data/com.termux/files/usr/lib/libtermux-exec.so'
#     HOME = '/data/data/com.termux/files/home'
#     LANG = 'en_US.UTF-8'
#     DEX2OATBOOTCLASSPATH = '/apex/com.android.art/javalib/core-oj.jar:/apex/com.android.art/javalib/core-libart.jar:/apex/com.android.art/javalib/okhttp.jar:/apex/com.android.art/javalib/bouncycastle.jar:/apex/com.android.art/javalib/apache-xml.jar:/system/framework/framework.jar:/system/framework/framework-graphics.jar:/system/framework/ext.jar:/system/framework/telephony-common.jar:/system/framework/voip-common.jar:/system/framework/ims-common.jar:/system/framework/knoxsdk.jar:/system/framework/SmpsManager.jar:/system/framework/uibc_java.jar:/system/framework/mediatek-common.jar:/system/framework/mediatek-framework.jar:/system/framework/mediatek-ims-base.jar:/apex/com.android.i18n/javalib/core-icu4j.jar'
#     TMPDIR = '/data/data/com.termux/files/usr/tmp'
#     ANDROID_NDK_HOME = '/data/data/com.termux/files/home/Android/Sdk/ndk/25.2.9519653'
#     ANDROID_DATA = '/data'
#     ANDROID_HOME = '/data/data/com.termux/files/home/Android/Sdk'
#     ANDROID_STORAGE = '/storage'
#     TERM = 'xterm-256color'
#     ASEC_MOUNTPOINT = '/mnt/asec'
#     TERMUX_EXEC__PROC_SELF_EXE = '/data/data/com.termux/files/usr/bin/buildozer'
#     ANDROID_I18N_ROOT = '/apex/com.android.i18n'
#     SHLVL = '1'
#     ANDROID_SDK_ROOT = '/data/data/com.termux/files/home/Android/Sdk'
#     ANDROID_ROOT = '/system'
#     BOOTCLASSPATH = '/apex/com.android.art/javalib/core-oj.jar:/apex/com.android.art/javalib/core-libart.jar:/apex/com.android.art/javalib/okhttp.jar:/apex/com.android.art/javalib/bouncycastle.jar:/apex/com.android.art/javalib/apache-xml.jar:/system/framework/framework.jar:/system/framework/framework-graphics.jar:/system/framework/ext.jar:/system/framework/telephony-common.jar:/system/framework/voip-common.jar:/system/framework/ims-common.jar:/system/framework/knoxsdk.jar:/system/framework/SmpsManager.jar:/system/framework/uibc_java.jar:/system/framework/mediatek-common.jar:/system/framework/mediatek-framework.jar:/system/framework/mediatek-ims-base.jar:/apex/com.android.i18n/javalib/core-icu4j.jar:/apex/com.android.adservices/javalib/framework-adservices.jar:/apex/com.android.adservices/javalib/framework-sdksandbox.jar:/apex/com.android.appsearch/javalib/framework-appsearch.jar:/apex/com.android.btservices/javalib/framework-bluetooth.jar:/apex/com.android.conscrypt/javalib/conscrypt.jar:/apex/com.android.ipsec/javalib/android.net.ipsec.ike.jar:/apex/com.android.media/javalib/updatable-media.jar:/apex/com.android.mediaprovider/javalib/framework-mediaprovider.jar:/apex/com.android.mediaprovider/javalib/framework-pdf.jar:/apex/com.android.mediaprovider/javalib/framework-photopicker.jar:/apex/com.android.ondevicepersonalization/javalib/framework-ondevicepersonalization.jar:/apex/com.android.os.statsd/javalib/framework-statsd.jar:/apex/com.android.permission/javalib/framework-permission.jar:/apex/com.android.permission/javalib/framework-permission-s.jar:/apex/com.android.scheduling/javalib/framework-scheduling.jar:/apex/com.android.sdkext/javalib/framework-sdkextensions.jar:/apex/com.android.tethering/javalib/framework-connectivity.jar:/apex/com.android.tethering/javalib/framework-connectivity-t.jar:/apex/com.android.tethering/javalib/framework-tethering.jar:/apex/com.android.uwb/javalib/framework-uwb.jar:/apex/com.android.wifi/javalib/framework-wifi.jar:/apex/com.samsung.android.ipm/javalib/framework-samsung-ipm.jar:/apex/com.samsung.android.shell/javalib/framework-samsung-privilege.jar'
#     ANDROID_TZDATA_ROOT = '/apex/com.android.tzdata'
#     ANDROIDSDK = '/data/data/com.termux/files/home/Android/Sdk'
#     TMP = '/data/data/com.termux/files/usr/tmp'
#     PATH = '/data/data/com.termux/files/home/.buildozer/android/platform/apache-ant-1.9.4/bin:/data/data/com.termux/files/usr/bin:/product/bin:/apex/com.android.runtime/bin:/apex/com.android.art/bin:/system_ext/bin:/system/bin:/system/xbin:/odm/bin:/vendor/bin:/vendor/xbin'
#     ANDROID_ART_ROOT = '/apex/com.android.art'
#     ANDROID_ASSETS = '/system/app'
#     OLDPWD = '/data/data/com.termux/files/home/POS-Ledger-NG-ANDROID'
#     _ = '/data/data/com.termux/files/usr/bin/buildozer'
#     PACKAGES_PATH = '/data/data/com.termux/files/home/.buildozer/android/packages'
#     ANDROIDAPI = '34'
#     ANDROIDMINAPI = '24'
# 
# Buildozer failed to execute the last command
# The error might be hidden in the log above this error
# Please read the full log, and search for it before
# raising an issue with buildozer itself.
# In case of a bug report, please add a full log with log_level = 2
